// Jest Snapshot v1, https://goo.gl/fbAQLP

exports[`renders correctly 1`] = `
<div
  className="card rounded-xl shadow-lg w-full lg:w-[50%]"
>
  <figure
    className="relative h-[60%]"
  >
    <img
      alt="Blog Image"
      className="w-full object-cover rounded-t-xl"
      data-nimg="1"
      decoding="async"
      fetchpriority="high"
      height={400}
      onError={[Function]}
      onLoad={[Function]}
      src="/_next/image?url=https%3A%2F%2Fplacehold.co%2F600x400&w=828&q=75"
      srcSet="/_next/image?url=https%3A%2F%2Fplacehold.co%2F600x400&w=640&q=75 1x, /_next/image?url=https%3A%2F%2Fplacehold.co%2F600x400&w=828&q=75 2x"
      style={
        Object {
          "color": "transparent",
        }
      }
      width={400}
    />
  </figure>
  <div
    className="gap-2 flex flex-col p-6"
  >
    <h2
      className="text-3xl lg:text-4xl font-bold mb-2"
    >
      title
    </h2>
    <p
      className="text-md lg:text-lg font-light mb-4"
      title="description"
    >
      Mocked Truncate String
    </p>
    <div
      className="flex justify-between pb-4"
    >
      <span>
        2023-10-28
         
      </span>
      <a
        className="text-secondary hover:text-secondary font-bold flex items-center gap-2"
        href="/blogs/1"
        onClick={[Function]}
        onMouseEnter={[Function]}
        onTouchStart={[Function]}
      >
        buttons.readMore
        <svg
          className="text-xl"
          fill="currentColor"
          height="1em"
          stroke="currentColor"
          strokeWidth="0"
          style={
            Object {
              "color": undefined,
            }
          }
          viewBox="0 0 512 512"
          width="1em"
          xmlns="http://www.w3.org/2000/svg"
        >
          <path
            d="M210.7 147.6c7.5-7.5 19.8-7.5 27.3 0l95.4 95.7c7.3 7.3 7.5 19.1.6 26.6l-94 94.3c-3.8 3.8-8.7 5.7-13.7 5.7-4.9 0-9.9-1.9-13.6-5.6-7.5-7.5-7.6-19.7 0-27.3l79.9-81.1-81.9-81.1c-7.6-7.4-7.6-19.6 0-27.2z"
          />
          <path
            d="M48 256c0 114.9 93.1 208 208 208s208-93.1 208-208S370.9 48 256 48 48 141.1 48 256zm32 0c0-47 18.3-91.2 51.6-124.4C164.8 98.3 209 80 256 80s91.2 18.3 124.4 51.6C413.7 164.8 432 209 432 256s-18.3 91.2-51.6 124.4C347.2 413.7 303 432 256 432s-91.2-18.3-124.4-51.6C98.3 347.2 80 303 80 256z"
          />
        </svg>
      </a>
    </div>
  </div>
</div>
`;
