// Jest Snapshot v1, https://goo.gl/fbAQLP

exports[`AddItemForm snapshot test 1`] = `
<div
  className="min-h-screen"
/>
`;
