// Jest Snapshot v1, https://goo.gl/fbAQLP

exports[`Navbar snapshot test 1`] = `
<header
  className="no-scrollbar backdrop-blur-sm bg-white bg-opacity-40 sticky top-0 left-0 navbar gap-24 justify-between 2xl:px-32 xl:px-28 px-10 z-50"
>
  <div
    className="lg:block navbar-start max-w-fit"
  >
    <a
      className="font-bold btn btn-ghost normal-case text-2xl"
      href="/"
      onClick={[Function]}
      onMouseEnter={[Function]}
      onTouchStart={[Function]}
    >
      buttons.logo
    </a>
  </div>
  <nav
    className="hidden w-full flex-1 lg:flex lg:navbar-end gap-4 lg:items-center"
  >
    <div
      className="w-1/6 h-[2.2px] bg-black"
    />
    <div
      className="lg:flex gap-4"
      dir="ltr"
    >
      <a
        className="btn hover:btn-link transition-all duration-500 hover:translate-y-1 btn-ghost normal-case font-light tracking-wider"
        href="/"
        onClick={[Function]}
        onMouseEnter={[Function]}
        onTouchStart={[Function]}
      >
        buttons.home
      </a>
      <a
        className="btn hover:btn-link transition-all duration-500 hover:translate-y-1 btn-ghost normal-case font-light tracking-wider"
        href="/about"
        onClick={[Function]}
        onMouseEnter={[Function]}
        onTouchStart={[Function]}
      >
        buttons.about
      </a>
      <a
        className="btn hover:btn-link transition-all duration-500 hover:translate-y-1 btn-ghost normal-case font-light tracking-wider"
        href="/items"
        onClick={[Function]}
        onMouseEnter={[Function]}
        onTouchStart={[Function]}
      >
        buttons.items
      </a>
      <a
        className="btn hover:btn-link transition-all duration-500 hover:translate-y-1 btn-ghost normal-case font-light tracking-wider"
        href="/blogs"
        onClick={[Function]}
        onMouseEnter={[Function]}
        onTouchStart={[Function]}
      >
        buttons.blogs
      </a>
    </div>
    <div
      className="text-left hidden lg:block"
      data-headlessui-state=""
    >
      <div>
        <button
          aria-expanded={false}
          aria-haspopup="menu"
          className="btn btn-sm outline-dashed transition-all duration-500 ease-in-out hover:outline-double outline-[2px] btn-circle btn-ghost"
          data-headlessui-state=""
          id="headlessui-menu-button-:r0:"
          onClick={[Function]}
          onKeyDown={[Function]}
          onKeyUp={[Function]}
          type="button"
        >
          <svg
            className="w-6 h-6"
            fill="none"
            height="1em"
            stroke="currentColor"
            strokeLinecap="round"
            strokeLinejoin="round"
            strokeWidth="2"
            style={
              Object {
                "color": undefined,
              }
            }
            viewBox="0 0 24 24"
            width="1em"
            xmlns="http://www.w3.org/2000/svg"
          >
            <path
              d="M0 0h24v24H0z"
              fill="none"
              stroke="none"
            />
            <path
              d="M4 5h7"
            />
            <path
              d="M9 3v2c0 4.418 -2.239 8 -5 8"
            />
            <path
              d="M5 9c0 2.144 2.952 3.908 6.7 4"
            />
            <path
              d="M12 20l4 -9l4 9"
            />
            <path
              d="M19.1 18h-6.2"
            />
          </svg>
        </button>
      </div>
    </div>
  </nav>
  <nav
    className="lg:hidden no-scrollbar navbar-end z-50 no-scrollbar"
  >
    <button
      className="z-50 justify-center px-3 py-2 text-sm font-semibold btn-circle btn-ghost"
      onClick={[Function]}
    >
      <svg
        aria-hidden="true"
        className=" w-6 h-6"
        fill="none"
        height="1em"
        stroke="currentColor"
        strokeWidth="2"
        style={
          Object {
            "color": undefined,
          }
        }
        viewBox="0 0 24 24"
        width="1em"
        xmlns="http://www.w3.org/2000/svg"
      >
        <path
          d="M4 6h16M4 12h16m-7 6h7"
          strokeLinecap="round"
          strokeLinejoin="round"
        />
      </svg>
    </button>
    <div
      className="hidden flex-col z-40 fixed justify-center w-screen h-screen bg-neutral top-0 left-0"
    >
      <div
        className="w-full flex justify-center gap-4 items-center mt-10 "
      >
        <a
          className="font-light p-2 transition-all duration-500 hover:-translate-y-1 text-xl text-white"
          href="/"
          onClick={[Function]}
          onMouseEnter={[Function]}
          onTouchStart={[Function]}
        >
          <span
            className="fi fi-gb rounded text-4xl"
          />
        </a>
        <a
          className="font-light p-2 transition-all duration-500 hover:-translate-y-1 text-xl text-white"
          href="/"
          onClick={[Function]}
          onMouseEnter={[Function]}
          onTouchStart={[Function]}
        >
          <span
            className="fi fi-fr rounded text-4xl"
          />
        </a>
        <a
          className="font-light p-2 transition-all duration-500 hover:-translate-y-1 text-xl text-white"
          href="/"
          onClick={[Function]}
          onMouseEnter={[Function]}
          onTouchStart={[Function]}
        >
          <span
            className="fi fi-tr rounded text-4xl"
          />
        </a>
        <a
          className="font-light p-2 transition-all duration-500 hover:-translate-y-1 text-xl text-white"
          href="/"
          onClick={[Function]}
          onMouseEnter={[Function]}
          onTouchStart={[Function]}
        >
          <span
            className="fi fi-dz rounded text-4xl"
          />
        </a>
      </div>
      <a
        className="py-8 text-center transition-all duration-500 hover:translate-x-1 normal-case font-light text-5xl text-white tracking-wider"
        href="/"
        onClick={[Function]}
        onMouseEnter={[Function]}
        onTouchStart={[Function]}
      >
        buttons.home
      </a>
      <a
        className="py-8 text-center transition-all duration-500 hover:translate-x-1 normal-case font-light text-5xl text-white tracking-wider"
        href="/about"
        onClick={[Function]}
        onMouseEnter={[Function]}
        onTouchStart={[Function]}
      >
        buttons.about
      </a>
      <a
        className="py-8 text-center transition-all duration-500 hover:translate-x-1 normal-case font-light text-5xl text-white tracking-wider"
        href="/items"
        onClick={[Function]}
        onMouseEnter={[Function]}
        onTouchStart={[Function]}
      >
        buttons.items
      </a>
      <a
        className="py-8 text-center transition-all duration-500 hover:translate-x-1 normal-case font-light text-5xl text-white tracking-wider"
        href="/blogs"
        onClick={[Function]}
        onMouseEnter={[Function]}
        onTouchStart={[Function]}
      >
        buttons.blogs
      </a>
      <a
        className="btn mt-10 btn-active rounded-3xl normal-case font-normal tracking-wider w-[80%] self-center"
        href="/auth/sign-in"
        onClick={[Function]}
        onMouseEnter={[Function]}
        onTouchStart={[Function]}
      >
        Login
      </a>
    </div>
  </nav>
</header>
`;
