// Jest Snapshot v1, https://goo.gl/fbAQLP

exports[`it renders correctly 1`] = `
<div
  className="relative hidden lg:block"
  data-headlessui-state=""
>
  <button
    aria-expanded={false}
    aria-haspopup="menu"
    className="btn btn-sm outline-dashed transition-all duration-500 ease-in-out hover:outline-double outline-[2px] btn-circle btn-ghost"
    data-headlessui-state=""
    id="headlessui-menu-button-:r0:"
    onClick={[Function]}
    onKeyDown={[Function]}
    onKeyUp={[Function]}
    type="button"
  >
    <div
      className="avatar"
    >
      <div
        className="w-8 rounded-full ring ring-primary hover:ring-offset-1 transition-all duration-500 ring-offset-base-100 ring-offset-2"
      >
        <img
          alt="user"
          data-nimg="1"
          decoding="async"
          height={100}
          loading="lazy"
          onError={[Function]}
          onLoad={[Function]}
          src="/_next/image?url=%2Fimg.jpg&w=256&q=75"
          srcSet="/_next/image?url=%2Fimg.jpg&w=128&q=75 1x, /_next/image?url=%2Fimg.jpg&w=256&q=75 2x"
          style={
            Object {
              "color": "transparent",
            }
          }
          width={100}
        />
      </div>
    </div>
  </button>
</div>
`;
