// Jest Snapshot v1, https://goo.gl/fbAQLP

exports[`Navbar snapshot test 1`] = `
<div
  aria-label="title"
  className="card w-60 h-40 card-compact border-none relative rounded-3x"
>
  <a
    href="/products?category=link"
    onClick={[Function]}
    onMouseEnter={[Function]}
    onTouchStart={[Function]}
  >
    <figure
      className="w-56 h-40 relative rounded-3xl shadow-xl"
    >
      <img
        alt="title"
        className="object-cover hover:scale-125 transition-all duration-700"
        data-nimg="fill"
        decoding="async"
        fetchpriority="high"
        onError={[Function]}
        onLoad={[Function]}
        sizes="100vw"
        src="/_next/image?url=%2Fimg.jpg&w=3840&q=75"
        srcSet="/_next/image?url=%2Fimg.jpg&w=640&q=75 640w, /_next/image?url=%2Fimg.jpg&w=750&q=75 750w, /_next/image?url=%2Fimg.jpg&w=828&q=75 828w, /_next/image?url=%2Fimg.jpg&w=1080&q=75 1080w, /_next/image?url=%2Fimg.jpg&w=1200&q=75 1200w, /_next/image?url=%2Fimg.jpg&w=1920&q=75 1920w, /_next/image?url=%2Fimg.jpg&w=2048&q=75 2048w, /_next/image?url=%2Fimg.jpg&w=3840&q=75 3840w"
        style={
          Object {
            "bottom": 0,
            "color": "transparent",
            "height": "100%",
            "left": 0,
            "objectFit": undefined,
            "objectPosition": undefined,
            "position": "absolute",
            "right": 0,
            "top": 0,
            "width": "100%",
          }
        }
      />
      <h3
        className="text-white text-center absolute bottom-[10%] px-2 py-1 w-[90%] text-md card-bordered rounded-xl bg-black bg-opacity-30"
      >
        title
      </h3>
    </figure>
  </a>
</div>
`;
