// Jest Snapshot v1, https://goo.gl/fbAQLP

exports[`renders correctly 1`] = `
<div
  className="relative w-full md:w-52 flex justify-center text-left"
  data-headlessui-state=""
>
  <button
    aria-expanded={false}
    aria-haspopup="menu"
    className="flex items-center gap-2 w-full justify-between bg-white px-3 py-2 text-sm font-semibold btn-sm rounded-xl text-gray-900 hover:bg-gray-50 btn-primary"
    data-headlessui-state=""
    id="headlessui-menu-button-:r0:"
    onClick={[Function]}
    onKeyDown={[Function]}
    onKeyUp={[Function]}
    type="button"
  >
    <div
      className="flex gap-2 items-center"
    >
      <svg
        aria-hidden="true"
        className="w-5 h-5"
        fill="none"
        height="1em"
        stroke="currentColor"
        strokeWidth="2"
        style={
          Object {
            "color": undefined,
          }
        }
        viewBox="0 0 24 24"
        width="1em"
        xmlns="http://www.w3.org/2000/svg"
      >
        <path
          d="M17.657 16.657L13.414 20.9a1.998 1.998 0 01-2.827 0l-4.244-4.243a8 8 0 1111.314 0z"
          strokeLinecap="round"
          strokeLinejoin="round"
        />
        <path
          d="M15 11a3 3 0 11-6 0 3 3 0 016 0z"
          strokeLinecap="round"
          strokeLinejoin="round"
        />
      </svg>
      <span />
    </div>
    <svg
      fill="currentColor"
      height="1em"
      stroke="currentColor"
      strokeWidth="0"
      style={
        Object {
          "color": undefined,
        }
      }
      viewBox="0 0 512 512"
      width="1em"
      xmlns="http://www.w3.org/2000/svg"
    >
      <path
        d="M128 192l128 128 128-128z"
      />
    </svg>
  </button>
</div>
`;
