// Jest Snapshot v1, https://goo.gl/fbAQLP

exports[`renders correctly 1`] = `
<div
  className="flex items-center justify-between"
>
  <div
    className="flex gap-4"
  >
    <button
      className="btn btn-sm normal-case font-normal tracking-wide"
      disabled={true}
      onClick={[Function]}
    >
      <svg
        fill="currentColor"
        height="1em"
        stroke="currentColor"
        strokeWidth="0"
        style={
          Object {
            "color": undefined,
          }
        }
        viewBox="0 0 24 24"
        width="1em"
        xmlns="http://www.w3.org/2000/svg"
      >
        <path
          d="M18.464 2.114a.998.998 0 0 0-1.033.063l-13 9a1.003 1.003 0 0 0 0 1.645l13 9A1 1 0 0 0 19 21V3a1 1 0 0 0-.536-.886zM17 19.091 6.757 12 17 4.909v14.182z"
        />
      </svg>
       Previous
    </button>
    <button
      className="btn btn-sm normal-case font-normal tracking-wide"
      disabled={true}
      onClick={[Function]}
    >
      Next 
      <svg
        fill="currentColor"
        height="1em"
        stroke="currentColor"
        strokeWidth="0"
        style={
          Object {
            "color": undefined,
          }
        }
        viewBox="0 0 24 24"
        width="1em"
        xmlns="http://www.w3.org/2000/svg"
      >
        <path
          d="M5.536 21.886a1.004 1.004 0 0 0 1.033-.064l13-9a1 1 0 0 0 0-1.644l-13-9A.998.998 0 0 0 5 3v18a1 1 0 0 0 .536.886zM7 4.909 17.243 12 7 19.091V4.909z"
        />
      </svg>
    </button>
  </div>
  <div>
    <p
      className="font-normal opacity-50 text-sm tracking-wide"
    >
      page: 
      1
       of 
      3
    </p>
  </div>
</div>
`;
