// Jest Snapshot v1, https://goo.gl/fbAQLP

exports[`renders correctly 1`] = `
<div
  className="group"
>
  <div
    className="max-w-fit"
    id="slide"
  >
    <div
      className="item w-20 h-20 lg:w-[200px] lg:h-1/2 shadow-2xl absolute z-10 lg:top-[50%] top-[80%] lg:-translate-y-[40%] lg:translate-x-[-30%] -translate-x-[170%] bg-blend-overlay bg-black bg-opacity-20"
      style={
        Object {
          "backgroundImage": "url([object Object])",
        }
      }
    >
      <div
        className="content absolute z-10 top-[50%] left-[5%] lg:max-w-md text-white -translate-y-[50%] hidden"
      >
        <h1
          className="text-4xl font-bold my-4 name"
        >
          name
        </h1>
        <p
          className="text-lg font-light mb-4 des"
        >
          description
        </p>
        <a
          className="btn btn-sm bg-white text-black hover:bg-slate-50"
          href="/products?category=dataKey"
          onClick={[Function]}
          onMouseEnter={[Function]}
          onTouchStart={[Function]}
        >
          See more
        </a>
      </div>
    </div>
  </div>
  <div
    className="absolute px-8 z-50 lg:bottom-12 bottom-[10%] justify-between w-full flex gap-4 lg:justify-center"
  >
    <button
      className="btn btn-circle bg-white hover:bg-slate-50 border-none items-center justify-center lg:hidden lg:group-hover:flex"
      onClick={[Function]}
    >
      <svg
        fill="currentColor"
        height={40}
        stroke="currentColor"
        strokeWidth="0"
        style={
          Object {
            "color": undefined,
          }
        }
        viewBox="0 0 24 24"
        width={40}
        xmlns="http://www.w3.org/2000/svg"
      >
        <path
          d="M0 0h24v24H0z"
          fill="none"
        />
        <path
          d="M15.41 7.41L14 6l-6 6 6 6 1.41-1.41L10.83 12z"
        />
      </svg>
    </button>
    <button
      className="btn btn-circle bg-white hover:bg-slate-50 border-none items-center justify-center lg:hidden lg:group-hover:flex"
      onClick={[Function]}
    >
      <svg
        fill="currentColor"
        height={40}
        stroke="currentColor"
        strokeWidth="0"
        style={
          Object {
            "color": undefined,
          }
        }
        viewBox="0 0 24 24"
        width={40}
        xmlns="http://www.w3.org/2000/svg"
      >
        <path
          d="M0 0h24v24H0z"
          fill="none"
        />
        <path
          d="M10 6L8.59 7.41 13.17 12l-4.58 4.59L10 18l6-6z"
        />
      </svg>
    </button>
  </div>
</div>
`;
