// Jest Snapshot v1, https://goo.gl/fbAQLP

exports[`renders correctly 1`] = `
<div>
  <div
    className="label"
  >
    <label
      className="label-text"
    />
    <label
      className="label-text-alt "
    />
  </div>
  <select
    className="select select-primary bg-white w-full"
  >
    <option
      value="foo"
    >
      foo
    </option>
    <option
      value="bar"
    >
      bar
    </option>
  </select>
</div>
`;
