// Jest Snapshot v1, https://goo.gl/fbAQLP

exports[`renders correctly 1`] = `
<div
  className="bg-accent py-20 px-6 w-full"
  style={
    Object {
      "backgroundImage": "url(/img.jpg)",
      "backgroundSize": "cover",
    }
  }
>
  <h2
    className="text-3xl md:text-4xl tracking-wider font-extrabold text-white"
  >
    newsletterTitle
  </h2>
  <p
    className="my-4 max-w-2xl font-light text-xl text-gray-200"
  >
    newsletterDescription
    <br />
    newsletterJoin
  </p>
  <form
    className="flex flex-col md:flex-row gap-2"
    onSubmit={[Function]}
  >
    <div>
      <div>
        <div
          className="label ml-2"
        >
          <label
            className="label-text"
            htmlFor="email"
          />
          <label
            className="label-text-alt "
          />
        </div>
        <input
          className="input bg-white input-primary w-full rounded-full border-opacity-25"
          id="email"
          name="email"
          onBlur={[Function]}
          onChange={[Function]}
          placeholder="emailPlaceholder"
          type="email"
          value=""
        />
      </div>
      <div
        className="label"
      />
    </div>
    <button
      className="btn btn-neutral w-full md:w-fit self-center rounded-3xl"
      disabled={false}
      type="submit"
    >
      subscribe
    </button>
  </form>
</div>
`;
