// Jest Snapshot v1, https://goo.gl/fbAQLP

exports[`renders correctly 1`] = `
<div
  className="hero min-h-screen"
  style={
    Object {
      "backgroundImage": "url(https://images.unsplash.com/photo-1469571486292-0ba58a3f068b?auto=format&fit=crop&q=80&w=1470&ixlib=rb-4.0.3&ixid=M3wxMjA3fDB8MHxwaG90by1wYWdlfHx8fGVufDB8fHx8fA%3D%3D)",
    }
  }
>
  <div
    className="hero-overlay bg-opacity-50"
  />
  <div
    className="hero-content text-center text-neutral-content"
  >
    <div
      className="max-w-lg"
    >
      <h1
        className="mb-5 text-5xl font-bold"
      />
      <p
        className="mb-5"
      >
         
      </p>
    </div>
  </div>
</div>
`;
